../Core/Src/main.c:80:5:main	8	static
../Core/Src/main.c:136:6:SystemClock_Config	88	static
../Core/Src/main.c:178:13:MX_I2C1_Init	8	static
../Core/Src/main.c:212:13:MX_I2C3_Init	8	static
../Core/Src/main.c:246:13:MX_TIM1_Init	80	static
../Core/Src/main.c:319:13:MX_TIM2_Init	72	static
../Core/Src/main.c:381:13:MX_TIM3_Init	32	static
../Core/Src/main.c:429:13:MX_TIM4_Init	56	static
../Core/Src/main.c:478:13:MX_USART2_UART_Init	8	static
../Core/Src/main.c:511:13:MX_GPIO_Init	48	static
../Core/Src/main.c:571:6:Error_Handler	4	static,ignoring_inline_asm
